2026-08-25 12:21:01 INFO  TestBase:51 - Running Tests On Android Platform.
2026-08-25 12:21:20 INFO  TestBase:88 - Starting Android Driver.
2026-08-25 12:21:24 INFO  WhereIsMyTrainPageTests:51 - Running Step: verify_all_home_page_elements_are_present()
2026-08-25 12:21:35 INFO  MainPage:18 - Verifying if all elements are present in home.
2026-08-25 12:29:34 ERROR MainPage:28 - Exception Occurred While Verifying Elements present in Home Page: An element could not be located on the page using the given search parameters.
For documentation on this error, please visit: https://www.selenium.dev/documentation/webdriver/troubleshooting/errors#nosuchelementexception
Build info: version: '4.47.0', revision: '9175ed9 9175ed94d83e87cc3abeb7c9fd91367d17849d35'
System info: os.name: 'Windows 11', os.arch: 'amd64', os.version: '10.0', java.version: '17.0.16'
Driver info: io.appium.java_client.android.AndroidDriver
Command: [d11cf35a-c1a0-47f0-885a-f864b3132cbd, findElement {using=xpath, value=//android.widget.TextView[@text='Where is my Train']}]
Capabilities {appium:app: C:\Users\ryadav\OneDrive - ..., appium:appActivity: com.whereismytrain.view.act..., appium:appPackage: com.whereismytrain.android, appium:autoGrantPermissions: true, appium:automationName: uiautomator2, appium:databaseEnabled: false, appium:desired: {app: C:\Users\ryadav\OneDrive - ..., appActivity: com.whereismytrain.view.act..., appPackage: com.whereismytrain.android, autoGrantPermissions: true, automationName: uiautomator2, deviceName: RMX2151, ignoreHiddenApiPolicyError: true, noReset: true, platformName: ANDROID, platformVersion: 12, udid: 7X85NJYDMRLJAYZH}, appium:deviceApiLevel: 31, appium:deviceManufacturer: realme, appium:deviceModel: RMX2151, appium:deviceName: 7X85NJYDMRLJAYZH, appium:deviceScreenDensity: 480, appium:deviceScreenSize: 1080x2400, appium:deviceUDID: 7X85NJYDMRLJAYZH, appium:ignoreHiddenApiPolicyError: true, appium:javascriptEnabled: true, appium:locationContextEnabled: false, appium:networkConnectionEnabled: true, appium:noReset: true, appium:pixelRatio: 3, appium:platformVersion: 12, appium:statBarHeight: 107, appium:takesScreenshot: true, appium:udid: 7X85NJYDMRLJAYZH, appium:viewportRect: {height: 2054, left: 0, top: 107, width: 1080}, appium:warnings: {}, appium:webStorageEnabled: false, platformName: ANDROID}
Session ID: d11cf35a-c1a0-47f0-885a-f864b3132cbd
2026-08-25 12:29:34 ERROR WhereIsMyTrainPageTests:53 - Element not present on the page.
2026-08-25 12:29:34 ERROR ReusableFunctions:394 - Exception Occurred While Getting The Text: An unknown server-side error occurred while processing the command. Original error: 'GET /screenshot' cannot be proxied to UiAutomator2 server because the instrumentation process is not running (probably crashed). Check the server log and/or the logcat output for more details
Build info: version: '4.47.0', revision: '9175ed9 9175ed94d83e87cc3abeb7c9fd91367d17849d35'
System info: os.name: 'Windows 11', os.arch: 'amd64', os.version: '10.0', java.version: '17.0.16'
Driver info: io.appium.java_client.android.AndroidDriver
Command: [d11cf35a-c1a0-47f0-885a-f864b3132cbd, screenshot {}]
Capabilities {appium:app: C:\Users\ryadav\OneDrive - ..., appium:appActivity: com.whereismytrain.view.act..., appium:appPackage: com.whereismytrain.android, appium:autoGrantPermissions: true, appium:automationName: uiautomator2, appium:databaseEnabled: false, appium:desired: {app: C:\Users\ryadav\OneDrive - ..., appActivity: com.whereismytrain.view.act..., appPackage: com.whereismytrain.android, autoGrantPermissions: true, automationName: uiautomator2, deviceName: RMX2151, ignoreHiddenApiPolicyError: true, noReset: true, platformName: ANDROID, platformVersion: 12, udid: 7X85NJYDMRLJAYZH}, appium:deviceApiLevel: 31, appium:deviceManufacturer: realme, appium:deviceModel: RMX2151, appium:deviceName: 7X85NJYDMRLJAYZH, appium:deviceScreenDensity: 480, appium:deviceScreenSize: 1080x2400, appium:deviceUDID: 7X85NJYDMRLJAYZH, appium:ignoreHiddenApiPolicyError: true, appium:javascriptEnabled: true, appium:locationContextEnabled: false, appium:networkConnectionEnabled: true, appium:noReset: true, appium:pixelRatio: 3, appium:platformVersion: 12, appium:statBarHeight: 107, appium:takesScreenshot: true, appium:udid: 7X85NJYDMRLJAYZH, appium:viewportRect: {height: 2054, left: 0, top: 107, width: 1080}, appium:warnings: {}, appium:webStorageEnabled: false, platformName: ANDROID}
Session ID: d11cf35a-c1a0-47f0-885a-f864b3132cbd
