2026-01-28 15:14:12 INFO  TestBase:52 - Running Tests On Android Platform.
2026-01-28 15:14:30 INFO  TestBase:88 - Starting Android Driver.
2026-01-28 15:14:34 INFO  MainPageTests:50 - Running Step: verify_all_main_page_elements_are_present()
2026-01-28 15:14:34 INFO  MainPage:34 - Verifying Main Page Elements.
2026-01-28 15:14:55 ERROR ReusableFunctions:48 - Exception Occurred While Locating The Element: Expected condition failed: waiting for presence of element located by: By.xpath: //android.widget.Button[@resource-id='com.example.android.prokabaddi:id/button_STackle'] (tried for 20 second(s) with 500 milliseconds interval)
2026-01-28 15:14:55 ERROR ReusableFunctions:137 - By.xpath: //android.widget.Button[@resource-id='com.example.android.prokabaddi:id/button_STackle']: element with class property isn't displayed.
2026-01-28 15:15:15 ERROR ReusableFunctions:48 - Exception Occurred While Locating The Element: Expected condition failed: waiting for presence of element located by: By.xpath: //android.widget.Button[@resource-id='com.example.android.prokabaddi:id/button_STackle_b'] (tried for 20 second(s) with 500 milliseconds interval)
2026-01-28 15:15:15 ERROR ReusableFunctions:137 - By.xpath: //android.widget.Button[@resource-id='com.example.android.prokabaddi:id/button_STackle_b']: element with class property isn't displayed.
2026-01-28 15:15:35 ERROR ReusableFunctions:48 - Exception Occurred While Locating The Element: Expected condition failed: waiting for presence of element located by: By.xpath: //android.widget.Button[@resource-id='com.example.android.prokabaddi:id/button_DRaid'] (tried for 20 second(s) with 500 milliseconds interval)
2026-01-28 15:15:35 ERROR ReusableFunctions:137 - By.xpath: //android.widget.Button[@resource-id='com.example.android.prokabaddi:id/button_DRaid']: element with class property isn't displayed.
2026-01-28 15:15:55 ERROR ReusableFunctions:48 - Exception Occurred While Locating The Element: Expected condition failed: waiting for presence of element located by: By.xpath: //android.widget.Button[@resource-id='com.example.android.prokabaddi:id/button_DRaid'] (tried for 20 second(s) with 500 milliseconds interval)
2026-01-28 15:15:55 ERROR ReusableFunctions:137 - By.xpath: //android.widget.Button[@resource-id='com.example.android.prokabaddi:id/button_DRaid']: element with class property isn't displayed.
2026-01-28 15:16:15 ERROR ReusableFunctions:48 - Exception Occurred While Locating The Element: Expected condition failed: waiting for presence of element located by: By.xpath: //android.widget.Button[@resource-id='com.example.android.prokabaddi:id/button_Touch'] (tried for 20 second(s) with 500 milliseconds interval)
2026-01-28 15:16:15 ERROR ReusableFunctions:137 - By.xpath: //android.widget.Button[@resource-id='com.example.android.prokabaddi:id/button_Touch']: element with class property isn't displayed.
2026-01-28 15:16:35 ERROR ReusableFunctions:48 - Exception Occurred While Locating The Element: Expected condition failed: waiting for presence of element located by: By.xpath: //android.widget.Button[@resource-id='com.example.android.prokabaddi:id/button_Touch_b'] (tried for 20 second(s) with 500 milliseconds interval)
2026-01-28 15:16:35 ERROR ReusableFunctions:137 - By.xpath: //android.widget.Button[@resource-id='com.example.android.prokabaddi:id/button_Touch_b']: element with class property isn't displayed.
2026-01-28 15:16:55 ERROR ReusableFunctions:48 - Exception Occurred While Locating The Element: Expected condition failed: waiting for presence of element located by: By.xpath: //android.widget.Button[@resource-id='com.example.android.prokabaddi:id/button_AllOut'] (tried for 20 second(s) with 500 milliseconds interval)
2026-01-28 15:16:55 ERROR ReusableFunctions:137 - By.xpath: //android.widget.Button[@resource-id='com.example.android.prokabaddi:id/button_AllOut']: element with class property isn't displayed.
2026-01-28 15:17:15 ERROR ReusableFunctions:48 - Exception Occurred While Locating The Element: Expected condition failed: waiting for presence of element located by: By.xpath: //android.widget.Button[@resource-id='com.example.android.prokabaddi:id/button_AllOut_b'] (tried for 20 second(s) with 500 milliseconds interval)
2026-01-28 15:17:15 ERROR ReusableFunctions:137 - By.xpath: //android.widget.Button[@resource-id='com.example.android.prokabaddi:id/button_AllOut_b']: element with class property isn't displayed.
2026-01-28 15:17:35 ERROR ReusableFunctions:48 - Exception Occurred While Locating The Element: Expected condition failed: waiting for presence of element located by: By.xpath: //android.widget.Button[@resource-id='com.example.android.prokabaddi:id/button_Bonus'] (tried for 20 second(s) with 500 milliseconds interval)
2026-01-28 15:17:35 ERROR ReusableFunctions:137 - By.xpath: //android.widget.Button[@resource-id='com.example.android.prokabaddi:id/button_Bonus']: element with class property isn't displayed.
